Microchip MPLAB XC8 Compiler V2.40

Linker command line:

-W-3 \
  --edf=C:\Program Files\Microchip\xc8\v2.40\pic\dat\20220703182018_en.msgs \
  -cn -h+dist/default/production\LabC03_ComunicacionSerial.X.production.sym \
  --cmf=dist/default/production\LabC03_ComunicacionSerial.X.production.cmf \
  -z -Q16F887 -oC:\Users\Black\AppData\Local\Temp\xcAsmfk.5 \
  --defsym=__MPLAB_BUILD=1 --fixupoverflow=error \
  -Mdist/default/production/LabC03_ComunicacionSerial.X.production.map \
  --md=C:\Users\Black\AppData\Local\Temp\xcAsmfk.dat -E1 -ver=XC8 Compiler \
  --acfsm=1493 -ACODE=00h-07FFhx4 -ASTRCODE=00h-01FFFh -ASTRING=00h-0FFhx32 \
  -ACONST=00h-0FFhx32 -AENTRY=00h-0FFhx32 -ACOMMON=070h-07Fh \
  -ABANK0=020h-06Fh -ABANK1=0A0h-0EFh -ABANK2=0110h-016Fh \
  -ABANK3=0190h-01EFh -ARAM=020h-06Fh,0A0h-0EFh,0110h-016Fh,0190h-01EFh \
  -AABS1=020h-07Fh,0A0h-0EFh,0110h-016Fh,0190h-01EFh -ASFR0=00h-01Fh \
  -ASFR1=080h-09Fh -ASFR2=0100h-010Fh -ASFR3=0180h-018Fh \
  -ACONFIG=02007h-02008h -DCONFIG=2 -AIDLOC=02000h-02003h -DIDLOC=2 \
  -AEEDATA=00h-0FFh/02100h -peeprom_data=EEDATA -DEEDATA=2 -DCODE=2 \
  -DSTRCODE=2 -DSTRING=2 -DCONST=2 -DENTRY=2 \
  -preset_vec=00h,intentry=04h,init,end_init -ppowerup=CODE -pcinit=CODE \
  -pfunctab=ENTRY -k C:\Users\Black\AppData\Local\Temp\xcAsmfk.o \
  dist/default/production\LabC03_ComunicacionSerial.X.production.o 

Object code version is 3.11

Machine type is 16F887



                Name                               Link     Load   Length Selector   Space Scale
C:\Users\Black\AppData\Local\Temp\xcAsmfk.o
                end_init                             12       12        3        8       0
                reset_vec                             0        0        3        0       0
                config                             2007     2007        2        0       4
                idloc                              2000     2000        4        0       5
dist/default/production\LabC03_ComunicacionSerial.X.production.o
                cinit                                15       15       15        8       0
                intentry                              4        4        E        8       0
                config                             2007     2007        2        0       4
                idloc                              2000     2000        4        0       5
                text10                              201      201       44      37A       0
                text9                               287      287       3A      37A       0
                text8                                2A       2A       DA        8       0
                text7                               245      245       42      37A       0
                text6                               2FA      2FA       36      37A       0
                text5                               3C5      3C5        F      37A       0
                text4                               104      104       64        8       0
                text3                               1BD      1BD       44      37A       0
                text2                               38D      38D       25      37A       0
                text1                               2C1      2C1       39      37A       0
                maintext                            360      360       2D      37A       0
                cstackBANK0                          20       20       23       20       1
                cstackCOMMON                         70       70        E       70       1
                inittext                            3B2      3B2       13      37A       0
                dataBANK1                            A0       A0       30       A0       1
                bssBANK0                             43       43        3       20       1
                strings                             168      168       55      2D0       0
                idataBANK1                          330      330       30      37A       0

TOTAL           Name                               Link     Load   Length     Space
        CLASS   CODE           
                end_init                             12       12        3         0
                cinit                                15       15       15         0
                intentry                              4        4        E         0
                reset_vec                             0        0        3         0
                text10                              201      201       44         0
                text9                               287      287       3A         0
                text8                                2A       2A       DA         0
                text7                               245      245       42         0
                text6                               2FA      2FA       36         0
                text5                               3C5      3C5        F         0
                text4                               104      104       64         0
                text3                               1BD      1BD       44         0
                text2                               38D      38D       25         0
                text1                               2C1      2C1       39         0
                maintext                            360      360       2D         0
                inittext                            3B2      3B2       13         0
                idataBANK1                          330      330       30         0

        CLASS   STRCODE        

        CLASS   STRING         
                strings                             168      168       55         0

        CLASS   CONST          

        CLASS   ENTRY          

        CLASS   COMMON         
                cstackCOMMON                         70       70        E         1

        CLASS   BANK0          
                cstackBANK0                          20       20       23         1
                bssBANK0                             43       43        3         1

        CLASS   BANK1          
                dataBANK1                            A0       A0       30         1

        CLASS   BANK2          

        CLASS   BANK3          

        CLASS   RAM            

        CLASS   ABS1           
                abs_s1                               7E       7E        2         1

        CLASS   SFR0           

        CLASS   SFR1           

        CLASS   SFR2           

        CLASS   SFR3           

        CLASS   CONFIG         
                config                             2007     2007        2         4

        CLASS   IDLOC          
                idloc                              2000     2000        4         5

        CLASS   EEDATA         

        CLASS   STACK          



SEGMENTS        Name                           Load    Length   Top    Selector   Space  Class     Delta

                reset_vec                      000000  000003  000003         0       0  CODE        2
                intentry                       000004  000164  000168         8       0  CODE        2
                cstackBANK0                    000020  000026  000046        20       1  BANK0       1
                cstackCOMMON                   000070  00000E  00007E        70       1  COMMON      1
                dataBANK1                      0000A0  000030  0000D0        A0       1  BANK1       1
                strings                        000168  000055  0001BD       2D0       0  STRING      2
                text3                          0001BD  000217  0003D4       37A       0  CODE        2


UNUSED ADDRESS RANGES

        Name                Unused          Largest block    Delta
        BANK0            0046-006F             2A           1
        BANK1            00D0-00EF             20           1
        BANK2            0110-016F             60           1
        BANK3            0190-01EF             60           1
        CODE             0003-0003              1           2
                         03D4-1FFF            800
        CONST            0003-0003              1           2
                         03D4-1FFF            100
        EEDATA           2100-21FF            100           2
        ENTRY            0003-0003              1           2
                         03D4-1FFF            100
        RAM              0046-006F             2A           1
                         00D0-00EF             20
                         0110-016F             60
                         0190-01EF             60
        SFR0             0000-001F             20           1
        SFR1             0080-009F             20           1
        SFR2             0100-010F             10           1
        SFR3             0180-018F             10           1
        STRCODE          0003-0003              1           2
                         03D4-1FFF           1C2C
        STRING           0003-0003              1           2
                         03D4-1FFF            100

                                  Symbol Table

?___lwdiv                cstackCOMMON 0070
?___lwmod                cstackCOMMON 0078
?_sprintf                cstackBANK0  0020
POT@CVPOT                cstackBANK0  002F
TXT@caracter             cstackCOMMON 0070
_ADCON0bits              (abs)        001F
_ADCON1bits              (abs)        009F
_ADIE                    (abs)        0466
_ADIF                    (abs)        0066
_ADON                    (abs)        00F8
_ADRESH                  (abs)        001E
_ANSEL                   (abs)        0188
_ANSELH                  (abs)        0189
_BRG16                   (abs)        0C3B
_BRGH                    (abs)        04C2
_CREN                    (abs)        00C4
_GIE                     (abs)        005F
_OSCCON                  (abs)        008F
_PEIE                    (abs)        005E
_PIE1bits                (abs)        008C
_PIR1bits                (abs)        000C
_PORTA                   (abs)        0005
_PORTB                   (abs)        0006
_PORTD                   (abs)        0008
_PORTE                   (abs)        0009
_POT                     text6        02FA
_RCREG                   (abs)        001A
_RCSTAbits               (abs)        0018
_SPBRG                   (abs)        0099
_SPBRGH                  (abs)        009A
_SPEN                    (abs)        00C7
_SYNC                    (abs)        04C4
_TRISA                   (abs)        0085
_TRISB                   (abs)        0086
_TRISD                   (abs)        0088
_TRISE                   (abs)        0089
_TXEN                    (abs)        04C5
_TXIF                    (abs)        0064
_TXREG                   (abs)        0019
_TXSTAbits               (abs)        0098
_TXT                     text5        03C5
_Vpot                    bssBANK0     0043
__Habs1                  abs1         0000
__Hbank0                 bank0        0000
__Hbank1                 bank1        0000
__Hbank2                 bank2        0000
__Hbank3                 bank3        0000
__HbssBANK0              bssBANK0     0000
__Hcinit                 cinit        002A
__Hclrtext               clrtext      0000
__Hcode                  code         0000
__Hcommon                common       0000
__Hconfig                config       2009
__HcstackBANK0           cstackBANK0  0000
__HcstackCOMMON          cstackCOMMON 0000
__HdataBANK1             dataBANK1    0000
__Heeprom_data           eeprom_data  0000
__Hend_init              end_init     0015
__Hfunctab               functab      0000
__HidataBANK1            idataBANK1   0000
__Hidloc                 idloc        2004
__Hinit                  init         0012
__Hinittext              inittext     0000
__Hintentry              intentry     0012
__Hmaintext              maintext     0000
__Hpowerup               powerup      0000
__Hram                   ram          0000
__Hreset_vec             reset_vec    0003
__Hsfr0                  sfr0         0000
__Hsfr1                  sfr1         0000
__Hsfr2                  sfr2         0000
__Hsfr3                  sfr3         0000
__Hspace_0               (abs)        03D4
__Hspace_1               (abs)        00D0
__Hspace_2               (abs)        0000
__Hspace_3               (abs)        0000
__Hspace_4               (abs)        4010
__Hstack                 stack        0000
__Hstrings               strings      0000
__Htext                  text         0000
__Labs1                  abs1         0000
__Lbank0                 bank0        0000
__Lbank1                 bank1        0000
__Lbank2                 bank2        0000
__Lbank3                 bank3        0000
__LbssBANK0              bssBANK0     0000
__Lcinit                 cinit        0015
__Lclrtext               clrtext      0000
__Lcode                  code         0000
__Lcommon                common       0000
__Lconfig                config       0000
__LcstackBANK0           cstackBANK0  0000
__LcstackCOMMON          cstackCOMMON 0000
__LdataBANK1             dataBANK1    0000
__Leeprom_data           eeprom_data  0000
__Lend_init              end_init     0012
__Lfunctab               functab      0000
__LidataBANK1            idataBANK1   0000
__Lidloc                 idloc        0000
__Linit                  init         0012
__Linittext              inittext     0000
__Lintentry              intentry     0004
__Lmaintext              maintext     0000
__Lpowerup               powerup      0000
__Lram                   ram          0000
__Lreset_vec             reset_vec    0000
__Lsfr0                  sfr0         0000
__Lsfr1                  sfr1         0000
__Lsfr2                  sfr2         0000
__Lsfr3                  sfr3         0000
__Lspace_0               (abs)        0000
__Lspace_1               (abs)        0000
__Lspace_2               (abs)        0000
__Lspace_3               (abs)        0000
__Lspace_4               (abs)        0000
__Lstack                 stack        0000
__Lstrings               strings      0000
__Ltext                  text         0000
__S0                     (abs)        03D4
__S1                     (abs)        00D0
__S3                     (abs)        0000
___int_sp                stack        0000
___latbits               (abs)        0002
___lwdiv                 text10       0201
___lwdiv@counter         cstackCOMMON 0077
___lwdiv@dividend        cstackCOMMON 0072
___lwdiv@divisor         cstackCOMMON 0070
___lwdiv@quotient        cstackCOMMON 0075
___lwmod                 text9        0287
___lwmod@counter         cstackCOMMON 007D
___lwmod@dividend        cstackCOMMON 007A
___lwmod@divisor         cstackCOMMON 0078
___sp                    stack        0000
___stackhi               (abs)        0000
___stacklo               (abs)        0000
__end_of_POT             text6        0330
__end_of_TXT             text5        03D4
__end_of___lwdiv         text10       0245
__end_of___lwmod         text9        02C1
__end_of__initialization cinit        0026
__end_of__stringtab      strings      0178
__end_of_cadena          text3        0201
__end_of_dpowers         strings      0182
__end_of_initUART        text2        03B2
__end_of_isr             text4        0168
__end_of_main            maintext     038D
__end_of_setup           text1        02FA
__end_of_sprintf         text8        0104
__end_ofi1_cadena        text7        0287
__initialization         cinit        0015
__pbssBANK0              bssBANK0     0043
__pcstackBANK0           cstackBANK0  0020
__pcstackCOMMON          cstackCOMMON 0070
__pdataBANK1             dataBANK1    00A0
__pidataBANK1            idataBANK1   0330
__pintentry              intentry     0004
__pmaintext              maintext     0360
__pstrings               strings      0168
__ptext1                 text1        02C1
__ptext10                text10       0201
__ptext2                 text2        038D
__ptext3                 text3        01BD
__ptext4                 text4        0104
__ptext5                 text5        03C5
__ptext6                 text6        02FA
__ptext7                 text7        0245
__ptext8                 text8        002A
__ptext9                 text9        0287
__stringbase             strings      0177
__stringtab              strings      0168
_cadena                  text3        01BD
_dpowers                 strings      0178
_initUART                text2        038D
_isr                     text4        0104
_main                    maintext     0360
_menu                    dataBANK1    00A0
_opcion                  bssBANK0     0044
_setup                   text1        02C1
_sprintf                 text8        002A
btemp                    (abs)        007E
cadena@i                 cstackBANK0  003E
cadena@txt               cstackBANK0  0039
end_of_initialization    cinit        0026
i1_cadena                text7        0245
i1cadena@i               cstackCOMMON 0075
i1cadena@txt             cstackCOMMON 0070
init_fetch0              inittext     03B2
init_ram0                inittext     03B6
interrupt_function       intentry     0004
intlevel0                functab      0000
intlevel1                functab      0000
intlevel2                functab      0000
intlevel3                functab      0000
intlevel4                functab      0000
intlevel5                functab      0000
reset_vec                reset_vec    0000
saved_w                  (abs)        007E
sprintf@ap               cstackBANK0  0026
sprintf@c                cstackBANK0  002C
sprintf@f                cstackBANK0  0020
sprintf@flag             cstackBANK0  0027
sprintf@prec             cstackBANK0  0028
sprintf@sp               cstackBANK0  002B
sprintf@val              cstackBANK0  0029
start                    init         0012
start_initialization     cinit        0015
wtemp0                   (abs)        007E


MODULE INFORMATION

Module		Function		Class		Link	Load	Size
PostLabC03.c
		_POT           		CODE           	02FA	0000	54
		_main          		CODE           	0360	0000	45
		_initUART      		CODE           	038D	0000	37
		_TXT           		CODE           	03C5	0000	15
		_cadena        		CODE           	01BD	0000	68
		_isr           		CODE           	0104	0000	100
		_setup         		CODE           	02C1	0000	57

PostLabC03.c estimated size: 376

C:\Program Files\Microchip\xc8\v2.40\pic\sources\c90\common\doprnt.c
		_sprintf       		CODE           	002A	0000	218

C:\Program Files\Microchip\xc8\v2.40\pic\sources\c90\common\doprnt.c estimated size: 218

C:\Program Files\Microchip\xc8\v2.40\pic\sources\c90\common\lwmod.c
		___lwmod       		CODE           	0287	0000	58

C:\Program Files\Microchip\xc8\v2.40\pic\sources\c90\common\lwmod.c estimated size: 58

shared
		__stringtab    		STRING         	0168	0000	16
		_dpowers       		STRING         	0178	0000	10
		__initialization		CODE           	0015	0000	17
		i1_cadena      		CODE           	0245	0000	66

shared estimated size: 109

C:\Program Files\Microchip\xc8\v2.40\pic\sources\c90\common\lwdiv.c
		___lwdiv       		CODE           	0201	0000	68

C:\Program Files\Microchip\xc8\v2.40\pic\sources\c90\common\lwdiv.c estimated size: 68

